// Jest Snapshot v1, https://goo.gl/fbAQLP

exports[`renders correctly 1`] = `
<View>
  <View
    style={
      Object {
        "alignItems": "center",
        "backgroundColor": "#F8F8F8",
        "elevation": 2,
        "height": 60,
        "justifyContent": "center",
        "paddingTop": 15,
        "position": "relative",
        "shadowColor": "#000",
        "shadowOffset": Object {
          "height": 2,
          "width": 0,
        },
        "shadowOpacity": 0.2,
      }
    }
  >
    <Text
      style={
        Object {
          "fontSize": 35,
        }
      }
    >
      Rental Tinder
    </Text>
  </View>
  <View
    style={
      Object {
        "borderBottomWidth": 0,
        "borderColor": "#ddd",
        "borderRadius": 2,
        "borderWidth": 1,
        "elevation": 1,
        "marginLeft": 5,
        "marginRight": 5,
        "marginTop": 10,
        "shadowColor": "#000",
        "shadowOffset": Object {
          "height": 2,
          "width": 0,
        },
        "shadowOpacity": 0.1,
        "shadowRadius": 2,
      }
    }
  >
    <View
      style={
        Object {
          "backgroundColor": "#fff",
          "borderBottomWidth": 1,
          "borderColor": "#ddd",
          "flexDirection": "row",
          "justifyContent": "flex-start",
          "padding": 5,
          "position": "relative",
        }
      }
    >
      <View
        style={
          Object {
            "alignItems": "center",
            "flex": 1,
            "flexDirection": "row",
            "height": 40,
          }
        }
      >
        <Text
          style={
            Object {
              "flex": 1,
              "fontSize": 19,
              "paddingLeft": 5,
            }
          }
        >
          Username:
        </Text>
        <TextInput
          allowFontScaling={true}
          autoCorrect={false}
          onChangeText={[Function]}
          placeholder="username"
          style={
            Object {
              "color": "#000",
              "flex": 2,
              "fontSize": 16,
              "lineHeight": 23,
              "paddingLeft": 5,
              "paddingRight": 5,
            }
          }
          underlineColorAndroid="transparent"
          value=""
        />
      </View>
    </View>
    <View
      style={
        Object {
          "backgroundColor": "#fff",
          "borderBottomWidth": 1,
          "borderColor": "#ddd",
          "flexDirection": "row",
          "justifyContent": "flex-start",
          "padding": 5,
          "position": "relative",
        }
      }
    >
      <View
        style={
          Object {
            "alignItems": "center",
            "flex": 1,
            "flexDirection": "row",
            "height": 40,
          }
        }
      >
        <Text
          style={
            Object {
              "flex": 1,
              "fontSize": 19,
              "paddingLeft": 5,
            }
          }
        >
          Passwords:
        </Text>
        <TextInput
          allowFontScaling={true}
          autoCorrect={false}
          onChangeText={[Function]}
          placeholder="      password"
          secureTextEntry={true}
          style={
            Object {
              "color": "#000",
              "flex": 2,
              "fontSize": 16,
              "lineHeight": 23,
              "paddingLeft": 5,
              "paddingRight": 5,
            }
          }
          underlineColorAndroid="transparent"
          value=""
        />
      </View>
    </View>
    <View
      style={
        Object {
          "backgroundColor": "#fff",
          "borderBottomWidth": 1,
          "borderColor": "#ddd",
          "flexDirection": "row",
          "justifyContent": "flex-start",
          "padding": 5,
          "position": "relative",
        }
      }
    >
      <View
        accessible={true}
        isTVSelectable={true}
        onResponderGrant={[Function]}
        onResponderMove={[Function]}
        onResponderRelease={[Function]}
        onResponderTerminate={[Function]}
        onResponderTerminationRequest={[Function]}
        onStartShouldSetResponder={[Function]}
        style={
          Object {
            "alignSelf": "stretch",
            "backgroundColor": "#fff",
            "borderColor": "#007aff",
            "borderRadius": 5,
            "borderWidth": 1,
            "flex": 1,
            "marginLeft": 5,
            "marginRight": 5,
            "opacity": 1,
          }
        }
      >
        <Text
          style={
            Object {
              "alignSelf": "center",
              "color": "#007aff",
              "fontSize": 20,
              "fontWeight": "600",
              "paddingBottom": 10,
              "paddingTop": 10,
            }
          }
        >
          Log In
        </Text>
      </View>
    </View>
    <View
      style={
        Object {
          "backgroundColor": "#fff",
          "borderBottomWidth": 1,
          "borderColor": "#ddd",
          "flexDirection": "row",
          "justifyContent": "flex-start",
          "padding": 5,
          "position": "relative",
        }
      }
    >
      <View
        accessible={true}
        isTVSelectable={true}
        onResponderGrant={[Function]}
        onResponderMove={[Function]}
        onResponderRelease={[Function]}
        onResponderTerminate={[Function]}
        onResponderTerminationRequest={[Function]}
        onStartShouldSetResponder={[Function]}
        style={
          Object {
            "alignSelf": "stretch",
            "backgroundColor": "#fff",
            "borderColor": "#007aff",
            "borderRadius": 5,
            "borderWidth": 1,
            "flex": 1,
            "marginLeft": 5,
            "marginRight": 5,
            "opacity": 1,
          }
        }
      >
        <Text
          style={
            Object {
              "alignSelf": "center",
              "color": "#007aff",
              "fontSize": 20,
              "fontWeight": "600",
              "paddingBottom": 10,
              "paddingTop": 10,
            }
          }
        >
          Sign Up
        </Text>
      </View>
    </View>
  </View>
</View>
`;
